hello, world!
repeated: abababab
padded:   7....|
length:   5
empty:    0
compare:  true false
same:     true false
anagram:  true false
prefix:   true false
suffix:   true false
find:     2 -1
slice:    ell lo 
case:     HELLO mixed
trim:     [padded]
replace:  a+b-c a-b-c
count:    3 0
index:    ho e
indexed:  1
escapes:  tab[	] quote["] slash[\]
types:    string number string
convert:  17 0
